
     Program DYNMAT v.7.3.1 starts on 21Sep2026 at 13: 1:57 

     This program is part of the open-source Quantum ESPRESSO suite
     for quantum simulation of materials; please cite
         "P. Giannozzi et al., J. Phys.:Condens. Matter 21 395502 (2009);
         "P. Giannozzi et al., J. Phys.:Condens. Matter 29 465901 (2017);
         "P. Giannozzi et al., J. Chem. Phys. 152 154105 (2020);
          URL http://www.quantum-espresso.org", 
     in publications or presentations arising from this work. More details at
     http://www.quantum-espresso.org/quote

     Parallel version (MPI & OpenMP), running on       4 processor cores
     Number of MPI processes:                 4
     Threads/MPI process:                     1

     MPI processes distributed on     1 nodes
     R & G space division:  proc/nbgrp/npool/nimage =       4
     32427 MiB available memory on the printing compute node when the environment starts
 

     Reading Dynamical Matrix from file om.dmat
     ...Force constants read
     ...epsilon and Z* read
     ...Raman cross sections read
     Acoustic Sum Rule: || Z*(ASR) - Z*(orig)|| =    7.167368E+00
     Acoustic Sum Rule: ||dyn(ASR) - dyn(orig)||=    1.265255E-02
     A direction for q was not specified:TO-LO splitting will be absent

     Polarizability (A^3 units)
     multiply by-0.000127 for Clausius-Mossotti correction
     ************    0.000000    0.000000
         0.000000************    0.000000
         0.000000    0.00000017659.801941

     IR activities are in (D/A)^2/amu units
     Raman activities are in A^4/amu units
     multiply Raman by 0.000000 for Clausius-Mossotti correction

# mode   [cm-1]    [THz]      IR          Raman   depol.fact
    1   -203.57   -6.1028**********         0.0000    0.5610
    2   -203.57   -6.1028**********         0.0000    0.7213
    3     -8.45   -0.2535    0.0000***************    0.7500
    4     -8.45   -0.2535    0.0000***************    0.7500
    5     -0.00   -0.0000    0.0000         0.0000    0.3118
    6     -0.00   -0.0000    0.0000         0.0000    0.7376
    7     -0.00   -0.0000    0.0000         0.0000    0.7484
    8     49.78    1.4923    0.0000***************    0.7500
    9     51.52    1.5447    0.0000***************    0.7500
   10     51.52    1.5447    0.0000***************    0.7500
   11     52.36    1.5697   16.4841         0.0000    0.7437
   12     53.52    1.6046    0.0000***************    0.7500
   13     53.52    1.6046    0.0000***************    0.7500
   14     55.06    1.6506    0.0000         0.0000    0.7484
   15     60.16    1.8037    0.0000         0.0000    0.3301
   16     61.89    1.8555 2841.1902         0.0000    0.6263
   17     61.89    1.8555 2841.1902         0.0000    0.4692
   18     62.80    1.8828    0.0000         0.0000    0.7392
   19     67.65    2.0280    0.0000         0.0000    0.5106
   20     70.07    2.1005    0.0000***************    0.7500
   21     70.07    2.1005    0.0000***************    0.7500
   22     71.49    2.1431 1832.3112         0.0000    0.7294
   23     71.49    2.1431 1832.3112         0.0000    0.3439
   24     72.44    2.171631531.3625         0.0000    0.1376
   25     72.44    2.171631531.3625         0.0000    0.5949
   26     73.10    2.1916   20.2173         0.0000    0.3476
   27     73.90    2.2155  183.1061         0.0000    0.1265
   28     74.76    2.2412    0.0000         0.0000    0.7493
   29     78.94    2.3664    0.0000***************    0.1250
   30     80.92    2.425862840.9220         0.0000    0.7499
   31     80.92    2.425862840.9220         0.0000    0.7489
   32     80.93    2.4261    0.0000***************    0.7500
   33     80.93    2.4261    0.0000***************    0.7500
   34     81.50    2.4432    0.0000***************    0.7500
   35     81.50    2.4432    0.0000***************    0.7500
   36     83.19    2.4940    0.0000***************    0.1250
   37     83.94    2.5163    0.0000***************    0.7500
   38     85.33    2.5580    0.0000         0.0000    0.6569
   39     86.92    2.605856320.9633         0.0000    0.4526
   40     86.92    2.605856320.9633         0.0000    0.4313
   41     89.40    2.6800    0.0000***************    0.7500
   42    102.32    3.0674    0.6244         0.0000    0.1595
   43    105.55    3.1644**********         0.0000    0.1873
   44    105.55    3.1644**********         0.0000    0.2525
   45    112.94    3.3859    0.0000***************    0.1250
   46    113.07    3.389676794.7698         0.0000    0.1251
   47    113.07    3.389676794.7698         0.0000    0.1264
   48    113.37    3.3988    0.0000         0.0000    0.1358
   49    115.01    3.4480   10.2152         0.0000    0.1319
   50    116.21    3.4840**********         0.0000    0.6495
   51    116.21    3.4840**********         0.0000    0.1288
   52    116.59    3.4951    0.0000***************    0.7500
   53    116.92    3.5052    0.0000         0.0000    0.7282
   54    119.50    3.5826    0.0000***************    0.1250
   55    120.09    3.6003    0.0000***************    0.7500
   56    134.08    4.0197   16.0082         0.0000    0.3633
   57    137.31    4.1166**********         0.0000    0.3348
   58    137.31    4.1166**********         0.0000    0.2184
   59    137.47    4.1213    0.0000         0.0000    0.6615
   60    140.37    4.2081    0.0000***************    0.7500
   61    140.37    4.2081    0.0000***************    0.7500
   62    152.54    4.5730    0.0000***************    0.1250
   63    153.83    4.611685418.4622         0.0000    0.2558
   64    153.83    4.611685418.4622         0.0000    0.1870
   65    158.49    4.7515    0.0000***************    0.7500
   66    158.80    4.7606    0.0000***************    0.7500
   67    158.80    4.7606    0.0000***************    0.7500
   68    163.59    4.9043   10.0408         0.0000    0.1328
   69    170.06    5.0983    0.0000***************    0.1252
   70    172.67    5.1764**********         0.0000    0.6953
   71    172.67    5.1764**********         0.0000    0.6626
   72    237.86    7.1309    0.0000         0.0000    0.7480
   73    246.45    7.3883    0.0000***************    0.7500
   74    272.84    8.1795    0.0000***************    0.7500
   75    272.84    8.1795    0.0000***************    0.7500
   76    278.54    8.3503    0.0000         0.0000    0.7275
   77    292.13    8.7579**********         0.0000    0.6500
   78    292.13    8.7579**********         0.0000    0.7497
   79    302.69    9.0745    0.0000         0.0000    0.7500
   80    306.16    9.1784    0.0000***************    0.7500
   81    306.16    9.1784    0.0000***************    0.7500
   82    312.96    9.3824**********         0.0000    0.7493
   83    312.96    9.3824**********         0.0000    0.3361
   84    332.20    9.9590    0.0000***************    0.7500
   85    332.20    9.9590    0.0000***************    0.7500
   86    337.98   10.1325    0.0000***************    0.1251
   87    340.82   10.2176    0.0000***************    0.7500
   88    347.78   10.4263    0.0000         0.0000    0.7497
   89    354.59   10.6303**********         0.0000    0.5764
   90    354.59   10.6303**********         0.0000    0.7498
   91    355.20   10.6487  154.4683         0.0000    0.7452
   92    363.12   10.8862    0.0000         0.0000    0.7500
   93    363.36   10.8934    0.0000***************    0.7500
   94    366.51   10.9877  828.0018         0.0000    0.7338
   95    377.85   11.3278    0.0000***************    0.7500
   96    377.85   11.3278    0.0000***************    0.7500
   97    384.77   11.5352    0.0000***************    0.7500
   98    386.55   11.5886 3871.6856         0.0000    0.6055
   99    386.55   11.5886 3871.6856         0.0000    0.7493
  100    388.98   11.6614    0.0000         0.0000    0.4799
  101    394.45   11.8252    0.0000***************    0.1250
  102    395.67   11.8618    0.0000         0.0000    0.1496
  103    399.76   11.9846    0.0000***************    0.7500
  104    401.03   12.0227    0.0000         0.0000    0.7218
  105    406.88   12.1980    0.0000***************    0.7500
  106    406.88   12.1980    0.0000***************    0.7500
  107    411.25   12.3289    0.0000         0.0000    0.7487
  108    414.71   12.4326    2.2786         0.0000    0.3086
  109    441.97   13.249959754.6257         0.0000    0.7481
  110    441.97   13.249959754.6257         0.0000    0.7074
  111    443.13   13.2847    0.0000***************    0.7500
  112    443.13   13.2847    0.0000***************    0.7500
  113    458.56   13.7474   15.7151         0.0000    0.1335
  114    469.25   14.0678    0.0000***************    0.7500
  115    475.81   14.2645    0.0000***************    0.1250
  116    476.45   14.2837    0.0000         0.0000    0.1311
  117    499.07   14.9617    0.0000***************    0.1250
 
     DYNMAT       :      8.85s CPU      9.04s WALL

 
   This run was terminated on:  13: 2: 6  21Sep2026            

=------------------------------------------------------------------------------=
   JOB DONE.
=------------------------------------------------------------------------------=
